{
  "version": "1.5.0",
  "plugins_used": [
    {
      "name": "ArtifactoryDetector"
    },
    {
      "name": "AWSKeyDetector"
    },
    {
      "name": "AzureStorageKeyDetector"
    },
    {
      "name": "Base64HighEntropyString",
      "limit": 4.5
    },
    {
      "name": "BasicAuthDetector"
    },
    {
      "name": "CloudantDetector"
    },
    {
      "name": "DiscordBotTokenDetector"
    },
    {
      "name": "GitHubTokenDetector"
    },
    {
      "name": "GitLabTokenDetector"
    },
    {
      "name": "HexHighEntropyString",
      "limit": 3.0
    },
    {
      "name": "IbmCloudIamDetector"
    },
    {
      "name": "IbmCosHmacDetector"
    },
    {
      "name": "IPPublicDetector"
    },
    {
      "name": "JwtTokenDetector"
    },
    {
      "name": "KeywordDetector",
      "keyword_exclude": ""
    },
    {
      "name": "MailchimpDetector"
    },
    {
      "name": "NpmDetector"
    },
    {
      "name": "OpenAIDetector"
    },
    {
      "name": "PrivateKeyDetector"
    },
    {
      "name": "PypiTokenDetector"
    },
    {
      "name": "SendGridDetector"
    },
    {
      "name": "SlackDetector"
    },
    {
      "name": "SoftlayerDetector"
    },
    {
      "name": "SquareOAuthDetector"
    },
    {
      "name": "StripeDetector"
    },
    {
      "name": "TelegramBotTokenDetector"
    },
    {
      "name": "TwilioKeyDetector"
    }
  ],
  "filters_used": [
    {
      "path": "detect_secrets.filters.allowlist.is_line_allowlisted"
    },
    {
      "path": "detect_secrets.filters.common.is_baseline_file",
      "filename": ".secrets.baseline"
    },
    {
      "path": "detect_secrets.filters.common.is_ignored_due_to_verification_policies",
      "min_level": 2
    },
    {
      "path": "detect_secrets.filters.heuristic.is_indirect_reference"
    },
    {
      "path": "detect_secrets.filters.heuristic.is_likely_id_string"
    },
    {
      "path": "detect_secrets.filters.heuristic.is_lock_file"
    },
    {
      "path": "detect_secrets.filters.heuristic.is_not_alphanumeric_string"
    },
    {
      "path": "detect_secrets.filters.heuristic.is_potential_uuid"
    },
    {
      "path": "detect_secrets.filters.heuristic.is_prefixed_with_dollar_sign"
    },
    {
      "path": "detect_secrets.filters.heuristic.is_sequential_string"
    },
    {
      "path": "detect_secrets.filters.heuristic.is_swagger_file"
    },
    {
      "path": "detect_secrets.filters.heuristic.is_templated_secret"
    }
  ],
  "results": {
    "RQ2_2/bigger_study/viz_results.ipynb": [
      {
        "type": "Base64 High Entropy String",
        "filename": "RQ2_2/bigger_study/viz_results.ipynb",
        "hashed_secret": "2a751b8bfb184b524fe100bba66ac9b828b16e99",
        "is_verified": true,
        "line_number": 10
      },
      {
        "type": "Base64 High Entropy String",
        "filename": "RQ2_2/bigger_study/viz_results.ipynb",
        "hashed_secret": "5d9933f1515c0d1420c98276cc1266ac14566e2e",
        "is_verified": true,
        "line_number": 61
      },
      {
        "type": "Base64 High Entropy String",
        "filename": "RQ2_2/bigger_study/viz_results.ipynb",
        "hashed_secret": "a526ba6abbc1b1116a47dd671ec45faa26665707",
        "is_verified": true,
        "line_number": 71
      }
    ],
    "TND/baseline/longformer_law.ipynb": [
      {
        "type": "Hex High Entropy String",
        "filename": "TND/baseline/longformer_law.ipynb",
        "hashed_secret": "c13752627a2dc69d23b7f00faa2346fb65f1380b",
        "is_verified": true,
        "line_number": 19
      },
      {
        "type": "Hex High Entropy String",
        "filename": "TND/baseline/longformer_law.ipynb",
        "hashed_secret": "adce85812ed74216ad303e75b14db4a4bbd65454",
        "is_verified": true,
        "line_number": 41
      },
      {
        "type": "Hex High Entropy String",
        "filename": "TND/baseline/longformer_law.ipynb",
        "hashed_secret": "38c2f1e5a3a579d7ef55953551da1f01c40ce46a",
        "is_verified": true,
        "line_number": 62
      },
      {
        "type": "Hex High Entropy String",
        "filename": "TND/baseline/longformer_law.ipynb",
        "hashed_secret": "dedd303c17e76c251742ebe457868fcb4c5fcf9e",
        "is_verified": true,
        "line_number": 86
      },
      {
        "type": "Hex High Entropy String",
        "filename": "TND/baseline/longformer_law.ipynb",
        "hashed_secret": "01663265f30af7dacfb0b3f67d5e4fa1f24c9c8d",
        "is_verified": true,
        "line_number": 107
      },
      {
        "type": "Hex High Entropy String",
        "filename": "TND/baseline/longformer_law.ipynb",
        "hashed_secret": "02d5fb76267549f2bfb12e071fb9a1c9c7776fc2",
        "is_verified": true,
        "line_number": 159
      },
      {
        "type": "Hex High Entropy String",
        "filename": "TND/baseline/longformer_law.ipynb",
        "hashed_secret": "9e3f3042ce9cf602034a5ac3ae19efd02cb907e7",
        "is_verified": true,
        "line_number": 211
      },
      {
        "type": "Hex High Entropy String",
        "filename": "TND/baseline/longformer_law.ipynb",
        "hashed_secret": "8de35118315f7151a7825f9cd6c481f76c996ef0",
        "is_verified": true,
        "line_number": 226
      },
      {
        "type": "Hex High Entropy String",
        "filename": "TND/baseline/longformer_law.ipynb",
        "hashed_secret": "413cd84bf98eb171b2c0a0485a749bee62d90b24",
        "is_verified": true,
        "line_number": 278
      },
      {
        "type": "Hex High Entropy String",
        "filename": "TND/baseline/longformer_law.ipynb",
        "hashed_secret": "35ec770ea874ab1f47c80ebc4ecac41ec08e5057",
        "is_verified": true,
        "line_number": 294
      },
      {
        "type": "Hex High Entropy String",
        "filename": "TND/baseline/longformer_law.ipynb",
        "hashed_secret": "eadc48ee6cf5fefd56f6e7d6126a15e1ece5d7af",
        "is_verified": true,
        "line_number": 346
      },
      {
        "type": "Hex High Entropy String",
        "filename": "TND/baseline/longformer_law.ipynb",
        "hashed_secret": "46e9260da1d32bd5455cd2e08f28d7affd8e109b",
        "is_verified": true,
        "line_number": 361
      },
      {
        "type": "Hex High Entropy String",
        "filename": "TND/baseline/longformer_law.ipynb",
        "hashed_secret": "943a578fc233321fd7f92fe251edc2f3f83c90c7",
        "is_verified": true,
        "line_number": 383
      },
      {
        "type": "Hex High Entropy String",
        "filename": "TND/baseline/longformer_law.ipynb",
        "hashed_secret": "a26192de4561cdd1317a1640e84149bc5003514e",
        "is_verified": true,
        "line_number": 404
      },
      {
        "type": "Hex High Entropy String",
        "filename": "TND/baseline/longformer_law.ipynb",
        "hashed_secret": "499cfb964b4e41d6a47194b4b8bfe8b509b24fa0",
        "is_verified": true,
        "line_number": 428
      },
      {
        "type": "Hex High Entropy String",
        "filename": "TND/baseline/longformer_law.ipynb",
        "hashed_secret": "9ec5b59898d2a8337964cf6df0ee88c4bea72e08",
        "is_verified": true,
        "line_number": 449
      },
      {
        "type": "Hex High Entropy String",
        "filename": "TND/baseline/longformer_law.ipynb",
        "hashed_secret": "da19f9c43f6698b0f4238548db0b06469c119dde",
        "is_verified": true,
        "line_number": 501
      },
      {
        "type": "Hex High Entropy String",
        "filename": "TND/baseline/longformer_law.ipynb",
        "hashed_secret": "d969aca11085dc97208e358da159540b899dd052",
        "is_verified": true,
        "line_number": 553
      },
      {
        "type": "Hex High Entropy String",
        "filename": "TND/baseline/longformer_law.ipynb",
        "hashed_secret": "2752f2f778944ac5bd5e37a481550915869cc4d7",
        "is_verified": true,
        "line_number": 568
      },
      {
        "type": "Hex High Entropy String",
        "filename": "TND/baseline/longformer_law.ipynb",
        "hashed_secret": "5c05125b42e4b2ffad8f4eeaea311c1a6e3992be",
        "is_verified": true,
        "line_number": 620
      },
      {
        "type": "Hex High Entropy String",
        "filename": "TND/baseline/longformer_law.ipynb",
        "hashed_secret": "6d93d689de907987d8d9d3051d602403f997691f",
        "is_verified": false,
        "line_number": 636
      },
      {
        "type": "Hex High Entropy String",
        "filename": "TND/baseline/longformer_law.ipynb",
        "hashed_secret": "709a672a252e8050644a84d1c93af494ee8a2563",
        "is_verified": true,
        "line_number": 688
      },
      {
        "type": "Hex High Entropy String",
        "filename": "TND/baseline/longformer_law.ipynb",
        "hashed_secret": "bca43171276650b6f54a660ae77e63b3c953bab0",
        "is_verified": true,
        "line_number": 703
      },
      {
        "type": "Hex High Entropy String",
        "filename": "TND/baseline/longformer_law.ipynb",
        "hashed_secret": "b3ac23d4e21c44c3978b6d30a002c8440a2118e7",
        "is_verified": true,
        "line_number": 725
      },
      {
        "type": "Hex High Entropy String",
        "filename": "TND/baseline/longformer_law.ipynb",
        "hashed_secret": "1a8a041f640815a73bc293a8be43f6da5e473337",
        "is_verified": true,
        "line_number": 746
      },
      {
        "type": "Hex High Entropy String",
        "filename": "TND/baseline/longformer_law.ipynb",
        "hashed_secret": "f78950c9a04bd7613f1b1c66d462c617bab67012",
        "is_verified": true,
        "line_number": 770
      },
      {
        "type": "Hex High Entropy String",
        "filename": "TND/baseline/longformer_law.ipynb",
        "hashed_secret": "d0db2e506827f2a4576ab8c68e0cecf4f6832e74",
        "is_verified": false,
        "line_number": 791
      },
      {
        "type": "Hex High Entropy String",
        "filename": "TND/baseline/longformer_law.ipynb",
        "hashed_secret": "138a1eb23f5359291cfb0368d08dd53a880f44d4",
        "is_verified": true,
        "line_number": 843
      },
      {
        "type": "Hex High Entropy String",
        "filename": "TND/baseline/longformer_law.ipynb",
        "hashed_secret": "6603177c5e4bfe28873850abfc165aa0ba94f495",
        "is_verified": true,
        "line_number": 895
      },
      {
        "type": "Hex High Entropy String",
        "filename": "TND/baseline/longformer_law.ipynb",
        "hashed_secret": "dc338024cfcf098f8f8143737ed114a5d1d2e3ce",
        "is_verified": true,
        "line_number": 910
      },
      {
        "type": "Hex High Entropy String",
        "filename": "TND/baseline/longformer_law.ipynb",
        "hashed_secret": "21bb022235f7d1e251bcfd7ce3c159b7b2139cf1",
        "is_verified": false,
        "line_number": 962
      },
      {
        "type": "Hex High Entropy String",
        "filename": "TND/baseline/longformer_law.ipynb",
        "hashed_secret": "a82b059f393bb73dbbd74900da74fa99f4421c89",
        "is_verified": true,
        "line_number": 978
      },
      {
        "type": "Hex High Entropy String",
        "filename": "TND/baseline/longformer_law.ipynb",
        "hashed_secret": "d4042caeca0d4b1276f85aea0f424ad29dcd2c2e",
        "is_verified": true,
        "line_number": 1030
      },
      {
        "type": "Hex High Entropy String",
        "filename": "TND/baseline/longformer_law.ipynb",
        "hashed_secret": "57078bf7174022bdb9dbc9eb7e76cbbf764762eb",
        "is_verified": false,
        "line_number": 1045
      },
      {
        "type": "Hex High Entropy String",
        "filename": "TND/baseline/longformer_law.ipynb",
        "hashed_secret": "d08ff7d1806a6ee35253fbe9055af8eeb2a389ba",
        "is_verified": true,
        "line_number": 1067
      },
      {
        "type": "Hex High Entropy String",
        "filename": "TND/baseline/longformer_law.ipynb",
        "hashed_secret": "a6d910ea1d9661955c224191c347525a71844744",
        "is_verified": false,
        "line_number": 1088
      },
      {
        "type": "Hex High Entropy String",
        "filename": "TND/baseline/longformer_law.ipynb",
        "hashed_secret": "cd248740b366cc911195ed42a2efde3c10ef4802",
        "is_verified": true,
        "line_number": 1112
      },
      {
        "type": "Hex High Entropy String",
        "filename": "TND/baseline/longformer_law.ipynb",
        "hashed_secret": "54b3a6c2f517d90c25d9b9fd73c827d52868e037",
        "is_verified": true,
        "line_number": 1133
      },
      {
        "type": "Hex High Entropy String",
        "filename": "TND/baseline/longformer_law.ipynb",
        "hashed_secret": "a75bcf06ebe7f061c3430066db981097d59e755c",
        "is_verified": false,
        "line_number": 1185
      },
      {
        "type": "Hex High Entropy String",
        "filename": "TND/baseline/longformer_law.ipynb",
        "hashed_secret": "e87b4c50e08b6819ffe3f96b4cd1f2750623f43a",
        "is_verified": true,
        "line_number": 1237
      },
      {
        "type": "Hex High Entropy String",
        "filename": "TND/baseline/longformer_law.ipynb",
        "hashed_secret": "fe16db43cdf27101080fd1ba0c73385ef0b3be34",
        "is_verified": true,
        "line_number": 1252
      },
      {
        "type": "Hex High Entropy String",
        "filename": "TND/baseline/longformer_law.ipynb",
        "hashed_secret": "5109ae0126ff16a9fc3492fbb94a6d29c95204af",
        "is_verified": true,
        "line_number": 1304
      },
      {
        "type": "Hex High Entropy String",
        "filename": "TND/baseline/longformer_law.ipynb",
        "hashed_secret": "0ee6ed940524771b05a9f6959ec14c9636ba3548",
        "is_verified": true,
        "line_number": 1320
      },
      {
        "type": "Hex High Entropy String",
        "filename": "TND/baseline/longformer_law.ipynb",
        "hashed_secret": "e8d4c9d87ae51d055e5db9974e8a7ac7b6191f1a",
        "is_verified": true,
        "line_number": 1372
      },
      {
        "type": "Hex High Entropy String",
        "filename": "TND/baseline/longformer_law.ipynb",
        "hashed_secret": "06063cf11ecfd7903470013f74eefa2939aa4896",
        "is_verified": true,
        "line_number": 1387
      },
      {
        "type": "Hex High Entropy String",
        "filename": "TND/baseline/longformer_law.ipynb",
        "hashed_secret": "984f60a7eb31d485c5829f9b589f57c239e50543",
        "is_verified": true,
        "line_number": 1409
      },
      {
        "type": "Hex High Entropy String",
        "filename": "TND/baseline/longformer_law.ipynb",
        "hashed_secret": "5107de9db07bf4fe2c77e47803c3e9f3bf8632db",
        "is_verified": false,
        "line_number": 1430
      },
      {
        "type": "Hex High Entropy String",
        "filename": "TND/baseline/longformer_law.ipynb",
        "hashed_secret": "10ab2d634e45cb8056acd54f292b2a7cca0f235d",
        "is_verified": false,
        "line_number": 1454
      },
      {
        "type": "Hex High Entropy String",
        "filename": "TND/baseline/longformer_law.ipynb",
        "hashed_secret": "2d20153275fcd3b425f791e47bbe006a1e66142b",
        "is_verified": false,
        "line_number": 1475
      },
      {
        "type": "Hex High Entropy String",
        "filename": "TND/baseline/longformer_law.ipynb",
        "hashed_secret": "95e1f54fdd8a4a22fa0d01d76715272ae6f86e42",
        "is_verified": false,
        "line_number": 1527
      },
      {
        "type": "Hex High Entropy String",
        "filename": "TND/baseline/longformer_law.ipynb",
        "hashed_secret": "b0a015d7e86f20aee7fdfc8954b2b3b40773e3e2",
        "is_verified": false,
        "line_number": 1579
      },
      {
        "type": "Hex High Entropy String",
        "filename": "TND/baseline/longformer_law.ipynb",
        "hashed_secret": "600c19eb0edae523248674cff6c5f9e484573806",
        "is_verified": false,
        "line_number": 1594
      },
      {
        "type": "Hex High Entropy String",
        "filename": "TND/baseline/longformer_law.ipynb",
        "hashed_secret": "d6ab6e510d2b58c44db29c704708d49c7631dbcb",
        "is_verified": false,
        "line_number": 1646
      },
      {
        "type": "Hex High Entropy String",
        "filename": "TND/baseline/longformer_law.ipynb",
        "hashed_secret": "8bb4b2da9cf6a501312d6f20ff31f74b025db935",
        "is_verified": false,
        "line_number": 1662
      },
      {
        "type": "Hex High Entropy String",
        "filename": "TND/baseline/longformer_law.ipynb",
        "hashed_secret": "89ea4e6cc847260833d7ee9734494ca1e455c573",
        "is_verified": false,
        "line_number": 1714
      },
      {
        "type": "Hex High Entropy String",
        "filename": "TND/baseline/longformer_law.ipynb",
        "hashed_secret": "f7a2dca8417ea6a4d50075a55e973670e0cbd8b2",
        "is_verified": false,
        "line_number": 1729
      },
      {
        "type": "Hex High Entropy String",
        "filename": "TND/baseline/longformer_law.ipynb",
        "hashed_secret": "d41685adb378b2b062d82f831dba815ee954335e",
        "is_verified": false,
        "line_number": 1751
      },
      {
        "type": "Hex High Entropy String",
        "filename": "TND/baseline/longformer_law.ipynb",
        "hashed_secret": "44c391628206b4a4a097fe43b3e9a0b336b3f397",
        "is_verified": false,
        "line_number": 1772
      },
      {
        "type": "Hex High Entropy String",
        "filename": "TND/baseline/longformer_law.ipynb",
        "hashed_secret": "722072102e1830160e36d4d62c844f8c6bf02ca0",
        "is_verified": false,
        "line_number": 1796
      },
      {
        "type": "Hex High Entropy String",
        "filename": "TND/baseline/longformer_law.ipynb",
        "hashed_secret": "6ae33992390db3bda0a77385b480766bf506b771",
        "is_verified": false,
        "line_number": 1817
      },
      {
        "type": "Hex High Entropy String",
        "filename": "TND/baseline/longformer_law.ipynb",
        "hashed_secret": "4f479eaaadf5bdb26fc7b3b3b1059c133484157b",
        "is_verified": false,
        "line_number": 1869
      },
      {
        "type": "Hex High Entropy String",
        "filename": "TND/baseline/longformer_law.ipynb",
        "hashed_secret": "a6a4e74bee86cc2679fdc42b96a324dc3666bf59",
        "is_verified": false,
        "line_number": 1921
      },
      {
        "type": "Hex High Entropy String",
        "filename": "TND/baseline/longformer_law.ipynb",
        "hashed_secret": "2500ba9256e48b459e82c0b79d5ace03fd454859",
        "is_verified": false,
        "line_number": 1936
      },
      {
        "type": "Hex High Entropy String",
        "filename": "TND/baseline/longformer_law.ipynb",
        "hashed_secret": "956ff06ad1d4dcbcfb68a883439666caed4295ca",
        "is_verified": false,
        "line_number": 1988
      },
      {
        "type": "Hex High Entropy String",
        "filename": "TND/baseline/longformer_law.ipynb",
        "hashed_secret": "254ae01756ad531a971bb86082a318a3d08c644d",
        "is_verified": false,
        "line_number": 2004
      },
      {
        "type": "Hex High Entropy String",
        "filename": "TND/baseline/longformer_law.ipynb",
        "hashed_secret": "bdc9e06a64c9d9c6ddc594ded1a6971aead460d9",
        "is_verified": false,
        "line_number": 2056
      },
      {
        "type": "Hex High Entropy String",
        "filename": "TND/baseline/longformer_law.ipynb",
        "hashed_secret": "95bf6586af954dc205a4ed896a418e1f9a58d8fd",
        "is_verified": false,
        "line_number": 2071
      },
      {
        "type": "Hex High Entropy String",
        "filename": "TND/baseline/longformer_law.ipynb",
        "hashed_secret": "2a74c69351133e90b3a04976d798e5520dd758f8",
        "is_verified": false,
        "line_number": 2093
      },
      {
        "type": "Hex High Entropy String",
        "filename": "TND/baseline/longformer_law.ipynb",
        "hashed_secret": "30fdd7f07c95b9b63fea8e9162b68c04caaacdc5",
        "is_verified": false,
        "line_number": 2114
      },
      {
        "type": "Hex High Entropy String",
        "filename": "TND/baseline/longformer_law.ipynb",
        "hashed_secret": "05292f82be221910b6931b4e9e61058637a13a49",
        "is_verified": false,
        "line_number": 2138
      },
      {
        "type": "Hex High Entropy String",
        "filename": "TND/baseline/longformer_law.ipynb",
        "hashed_secret": "30ca62fc4b2a57d347648b5f48bcc68df87fb228",
        "is_verified": false,
        "line_number": 2159
      },
      {
        "type": "Hex High Entropy String",
        "filename": "TND/baseline/longformer_law.ipynb",
        "hashed_secret": "f59ad1f3ac7ff6e580ccd77d7917abdb396ee7fc",
        "is_verified": false,
        "line_number": 2211
      },
      {
        "type": "Hex High Entropy String",
        "filename": "TND/baseline/longformer_law.ipynb",
        "hashed_secret": "7d59f8e4a87b9a3a094e8ee308584bafa6af397b",
        "is_verified": false,
        "line_number": 2263
      },
      {
        "type": "Hex High Entropy String",
        "filename": "TND/baseline/longformer_law.ipynb",
        "hashed_secret": "7e8dff49d467de5a74670b75b8c28fafbaff3224",
        "is_verified": false,
        "line_number": 2278
      },
      {
        "type": "Hex High Entropy String",
        "filename": "TND/baseline/longformer_law.ipynb",
        "hashed_secret": "d8a7f93d23d1751340fa37472b1b3493865f7596",
        "is_verified": false,
        "line_number": 2330
      },
      {
        "type": "Hex High Entropy String",
        "filename": "TND/baseline/longformer_law.ipynb",
        "hashed_secret": "112a895c282837db1c50ef8f7192dab1771c7f75",
        "is_verified": false,
        "line_number": 2346
      },
      {
        "type": "Hex High Entropy String",
        "filename": "TND/baseline/longformer_law.ipynb",
        "hashed_secret": "c79cf103b74cc8d8400a19bfd2346c92b1901d8f",
        "is_verified": false,
        "line_number": 2398
      },
      {
        "type": "Hex High Entropy String",
        "filename": "TND/baseline/longformer_law.ipynb",
        "hashed_secret": "73ad7a0a7a9acaefdff9bcd976b2caffb502ff69",
        "is_verified": false,
        "line_number": 2413
      },
      {
        "type": "Hex High Entropy String",
        "filename": "TND/baseline/longformer_law.ipynb",
        "hashed_secret": "18a3d4b07df02a72754ecc2e0a940efc794d14b1",
        "is_verified": false,
        "line_number": 2435
      },
      {
        "type": "Hex High Entropy String",
        "filename": "TND/baseline/longformer_law.ipynb",
        "hashed_secret": "a99dce9a504520302ab1e2ffdfd99f35d20097a0",
        "is_verified": false,
        "line_number": 2456
      },
      {
        "type": "Hex High Entropy String",
        "filename": "TND/baseline/longformer_law.ipynb",
        "hashed_secret": "29f800d179f9045cf4b2594c6c50eb1966ae2b7f",
        "is_verified": false,
        "line_number": 2480
      },
      {
        "type": "Hex High Entropy String",
        "filename": "TND/baseline/longformer_law.ipynb",
        "hashed_secret": "a9415e5f68e9b2912c5d7f6be4e09ce0c1a407df",
        "is_verified": false,
        "line_number": 2501
      },
      {
        "type": "Hex High Entropy String",
        "filename": "TND/baseline/longformer_law.ipynb",
        "hashed_secret": "188637c07aefc7092d7cfa6f063e6811bbd7f0b5",
        "is_verified": false,
        "line_number": 2553
      },
      {
        "type": "Hex High Entropy String",
        "filename": "TND/baseline/longformer_law.ipynb",
        "hashed_secret": "9c0b6de5df450faecac53b55081c2911cddc11b8",
        "is_verified": false,
        "line_number": 2605
      },
      {
        "type": "Hex High Entropy String",
        "filename": "TND/baseline/longformer_law.ipynb",
        "hashed_secret": "c9e48f199e66c3b29f61176f54055f240c1085ac",
        "is_verified": false,
        "line_number": 2620
      },
      {
        "type": "Hex High Entropy String",
        "filename": "TND/baseline/longformer_law.ipynb",
        "hashed_secret": "1f6e9a367e93e2f42dce490925e839d0bde00f6d",
        "is_verified": false,
        "line_number": 2672
      },
      {
        "type": "Hex High Entropy String",
        "filename": "TND/baseline/longformer_law.ipynb",
        "hashed_secret": "ab76068cc40256ff531672fe03846b852ea40856",
        "is_verified": false,
        "line_number": 2688
      },
      {
        "type": "Hex High Entropy String",
        "filename": "TND/baseline/longformer_law.ipynb",
        "hashed_secret": "a69fef7ba9762c68cd80fbdc9c24b0c1ab15a8de",
        "is_verified": false,
        "line_number": 2740
      },
      {
        "type": "Hex High Entropy String",
        "filename": "TND/baseline/longformer_law.ipynb",
        "hashed_secret": "e706c4f5dcdd7658718c8b20bb6cc63c45f22b25",
        "is_verified": false,
        "line_number": 2755
      },
      {
        "type": "Hex High Entropy String",
        "filename": "TND/baseline/longformer_law.ipynb",
        "hashed_secret": "470bdbbb7af72b8e60a41f9d9cc46bdd9b08bf02",
        "is_verified": false,
        "line_number": 2777
      },
      {
        "type": "Hex High Entropy String",
        "filename": "TND/baseline/longformer_law.ipynb",
        "hashed_secret": "e3a5a9bde53da4df77fbd3918eed424ec1018127",
        "is_verified": false,
        "line_number": 2798
      },
      {
        "type": "Hex High Entropy String",
        "filename": "TND/baseline/longformer_law.ipynb",
        "hashed_secret": "9eea50c60ce07f0f5401c28583e607a54371bf99",
        "is_verified": false,
        "line_number": 2822
      },
      {
        "type": "Hex High Entropy String",
        "filename": "TND/baseline/longformer_law.ipynb",
        "hashed_secret": "788723c3190e01299321a7f778c8910c88e6954b",
        "is_verified": false,
        "line_number": 2843
      },
      {
        "type": "Hex High Entropy String",
        "filename": "TND/baseline/longformer_law.ipynb",
        "hashed_secret": "8a161db1a6b252abd3b7d0ebba7316d0c4c4cb89",
        "is_verified": false,
        "line_number": 2895
      },
      {
        "type": "Hex High Entropy String",
        "filename": "TND/baseline/longformer_law.ipynb",
        "hashed_secret": "f5a8d4784693cd2449f67aecd709089cd50e6235",
        "is_verified": false,
        "line_number": 2947
      },
      {
        "type": "Hex High Entropy String",
        "filename": "TND/baseline/longformer_law.ipynb",
        "hashed_secret": "c792526a15fdf018414c654ca23985743355e539",
        "is_verified": false,
        "line_number": 2962
      },
      {
        "type": "Hex High Entropy String",
        "filename": "TND/baseline/longformer_law.ipynb",
        "hashed_secret": "d40bf4313749fb57f3a3e1afd3117210857c3778",
        "is_verified": false,
        "line_number": 3014
      },
      {
        "type": "Hex High Entropy String",
        "filename": "TND/baseline/longformer_law.ipynb",
        "hashed_secret": "6e3ecc7c43c6599abfa9ccb9eebde1014b0a481d",
        "is_verified": false,
        "line_number": 3030
      },
      {
        "type": "Hex High Entropy String",
        "filename": "TND/baseline/longformer_law.ipynb",
        "hashed_secret": "4531285d5e078a401964bb430dda5a516577c2d2",
        "is_verified": false,
        "line_number": 3082
      },
      {
        "type": "Hex High Entropy String",
        "filename": "TND/baseline/longformer_law.ipynb",
        "hashed_secret": "fa617e04affa984c3f9c0dcc9f42395456ec9342",
        "is_verified": false,
        "line_number": 3097
      },
      {
        "type": "Hex High Entropy String",
        "filename": "TND/baseline/longformer_law.ipynb",
        "hashed_secret": "7ba8b23192df2a28a95f90ea8ae709d6d7fcf77d",
        "is_verified": false,
        "line_number": 3119
      },
      {
        "type": "Hex High Entropy String",
        "filename": "TND/baseline/longformer_law.ipynb",
        "hashed_secret": "8e97b543d959df44fb532da77048ee87f995c17e",
        "is_verified": false,
        "line_number": 3140
      },
      {
        "type": "Hex High Entropy String",
        "filename": "TND/baseline/longformer_law.ipynb",
        "hashed_secret": "6b5e72f35480dcd59b323e6914145b1c760ce063",
        "is_verified": false,
        "line_number": 3164
      },
      {
        "type": "Hex High Entropy String",
        "filename": "TND/baseline/longformer_law.ipynb",
        "hashed_secret": "67b4bedddcc6014e058b2eae9038b0d6a505ed6f",
        "is_verified": false,
        "line_number": 3185
      },
      {
        "type": "Hex High Entropy String",
        "filename": "TND/baseline/longformer_law.ipynb",
        "hashed_secret": "77513d8dd9b886ca27b6ba5c534d28c092321487",
        "is_verified": false,
        "line_number": 3237
      },
      {
        "type": "Hex High Entropy String",
        "filename": "TND/baseline/longformer_law.ipynb",
        "hashed_secret": "2c90dd9d273e237e7c0f127d762a881534851839",
        "is_verified": false,
        "line_number": 3289
      },
      {
        "type": "Hex High Entropy String",
        "filename": "TND/baseline/longformer_law.ipynb",
        "hashed_secret": "39c4f4f49eab599e55bfad6bdf09a57637a021b5",
        "is_verified": false,
        "line_number": 3304
      },
      {
        "type": "Hex High Entropy String",
        "filename": "TND/baseline/longformer_law.ipynb",
        "hashed_secret": "07b87f0b8fdbe152002e409682178a23be19cdc4",
        "is_verified": false,
        "line_number": 3356
      },
      {
        "type": "Hex High Entropy String",
        "filename": "TND/baseline/longformer_law.ipynb",
        "hashed_secret": "a26ca46515053736a9266affe5d78980245b1b25",
        "is_verified": false,
        "line_number": 3372
      },
      {
        "type": "Hex High Entropy String",
        "filename": "TND/baseline/longformer_law.ipynb",
        "hashed_secret": "7359d25d949c49c518ed146c717eac179dc14842",
        "is_verified": false,
        "line_number": 3424
      },
      {
        "type": "Hex High Entropy String",
        "filename": "TND/baseline/longformer_law.ipynb",
        "hashed_secret": "a4adb99bcb674d74d1eb302cc0358962aa73b1b0",
        "is_verified": false,
        "line_number": 3439
      },
      {
        "type": "Hex High Entropy String",
        "filename": "TND/baseline/longformer_law.ipynb",
        "hashed_secret": "74a24add083c5334c5849d7d13a93e547f22650e",
        "is_verified": false,
        "line_number": 3461
      },
      {
        "type": "Hex High Entropy String",
        "filename": "TND/baseline/longformer_law.ipynb",
        "hashed_secret": "93eba18ff128d159bb1a8bb88ec5a5932bf25384",
        "is_verified": false,
        "line_number": 3482
      },
      {
        "type": "Hex High Entropy String",
        "filename": "TND/baseline/longformer_law.ipynb",
        "hashed_secret": "8bcae96adacedbc6bfcb970692ff9f35abe2cc1a",
        "is_verified": false,
        "line_number": 3506
      },
      {
        "type": "Hex High Entropy String",
        "filename": "TND/baseline/longformer_law.ipynb",
        "hashed_secret": "17cacce355a610eb1295d3853d2f3775947f3106",
        "is_verified": false,
        "line_number": 3527
      },
      {
        "type": "Hex High Entropy String",
        "filename": "TND/baseline/longformer_law.ipynb",
        "hashed_secret": "0133aa9af9d954290e81f0240bdb27bb3896b7a1",
        "is_verified": false,
        "line_number": 3579
      },
      {
        "type": "Hex High Entropy String",
        "filename": "TND/baseline/longformer_law.ipynb",
        "hashed_secret": "eed614e29f102d42474605c5d5b9a41c962c30b5",
        "is_verified": false,
        "line_number": 3631
      },
      {
        "type": "Hex High Entropy String",
        "filename": "TND/baseline/longformer_law.ipynb",
        "hashed_secret": "0a9e0bfb0dc0665e5383da777984c689e2996fb0",
        "is_verified": false,
        "line_number": 3646
      },
      {
        "type": "Hex High Entropy String",
        "filename": "TND/baseline/longformer_law.ipynb",
        "hashed_secret": "1a50e6b2167a87f13813b5bee60fe19ba7db2f4d",
        "is_verified": false,
        "line_number": 3698
      },
      {
        "type": "Hex High Entropy String",
        "filename": "TND/baseline/longformer_law.ipynb",
        "hashed_secret": "63e4683945de926be95d3e2c24aef5ce67135e96",
        "is_verified": false,
        "line_number": 3714
      },
      {
        "type": "Hex High Entropy String",
        "filename": "TND/baseline/longformer_law.ipynb",
        "hashed_secret": "18837c491b505c80ccfbc35b54a082535c3cc972",
        "is_verified": false,
        "line_number": 3766
      },
      {
        "type": "Hex High Entropy String",
        "filename": "TND/baseline/longformer_law.ipynb",
        "hashed_secret": "a14b37be968dd45794330e8442b8936cf13e732b",
        "is_verified": false,
        "line_number": 3781
      },
      {
        "type": "Hex High Entropy String",
        "filename": "TND/baseline/longformer_law.ipynb",
        "hashed_secret": "243679d5fcc9a3d2a54a038bdffed3cc3ffcd298",
        "is_verified": false,
        "line_number": 3803
      },
      {
        "type": "Hex High Entropy String",
        "filename": "TND/baseline/longformer_law.ipynb",
        "hashed_secret": "d0a8868b1ac482ad8e40bdfc9257fd7d40eba876",
        "is_verified": false,
        "line_number": 3824
      },
      {
        "type": "Hex High Entropy String",
        "filename": "TND/baseline/longformer_law.ipynb",
        "hashed_secret": "a3a01e9a5aa01006f3a8bb6f5375e364ea67aef4",
        "is_verified": false,
        "line_number": 3848
      },
      {
        "type": "Hex High Entropy String",
        "filename": "TND/baseline/longformer_law.ipynb",
        "hashed_secret": "5f1a1e4cde0b5c7e1ee1d17b1271bdcfb265d711",
        "is_verified": false,
        "line_number": 3869
      },
      {
        "type": "Hex High Entropy String",
        "filename": "TND/baseline/longformer_law.ipynb",
        "hashed_secret": "b87a0b2276f16950bd7c13d10c86ae7011d3616a",
        "is_verified": false,
        "line_number": 3921
      },
      {
        "type": "Hex High Entropy String",
        "filename": "TND/baseline/longformer_law.ipynb",
        "hashed_secret": "b275f29704fad9809cf3429231f7fe7d28a2a306",
        "is_verified": false,
        "line_number": 3973
      },
      {
        "type": "Hex High Entropy String",
        "filename": "TND/baseline/longformer_law.ipynb",
        "hashed_secret": "286345ca3b2a2517c56bef7dbf40d49320bef5a5",
        "is_verified": false,
        "line_number": 3988
      },
      {
        "type": "Hex High Entropy String",
        "filename": "TND/baseline/longformer_law.ipynb",
        "hashed_secret": "cadd5c2a26a4ee86e47b1765678a9f7a13d5df11",
        "is_verified": false,
        "line_number": 4040
      },
      {
        "type": "Hex High Entropy String",
        "filename": "TND/baseline/longformer_law.ipynb",
        "hashed_secret": "2a23dd05713ff61521bb38d13e767d667e3f7cb8",
        "is_verified": false,
        "line_number": 4056
      },
      {
        "type": "Hex High Entropy String",
        "filename": "TND/baseline/longformer_law.ipynb",
        "hashed_secret": "bd8c63615dce41c9496503f7d143cbcc9dae3153",
        "is_verified": false,
        "line_number": 4108
      }
    ],
    "TND/zero-shot/ollama_zero_shot.ipynb": [
      {
        "type": "Hex High Entropy String",
        "filename": "TND/zero-shot/ollama_zero_shot.ipynb",
        "hashed_secret": "f2f5ffbca6e99638e0b46d596b7f541c3ccdede7",
        "is_verified": true,
        "line_number": 29
      },
      {
        "type": "Hex High Entropy String",
        "filename": "TND/zero-shot/ollama_zero_shot.ipynb",
        "hashed_secret": "0d8a3efc07ce70fd95dca983aa20857b45a37f20",
        "is_verified": true,
        "line_number": 41
      }
    ],
    "key_case_binary_classification/pre_cutoff_analysis/citation_network/ECHR_tutorial.ipynb": [
      {
        "type": "Basic Auth Credentials",
        "filename": "key_case_binary_classification/pre_cutoff_analysis/citation_network/ECHR_tutorial.ipynb",
        "hashed_secret": "347cd9c53ff77d41a7b22aa56c7b4efaf54658e3",
        "is_verified": false,
        "line_number": 29
      }
    ],
    "key_case_binary_classification/pre_cutoff_analysis/citation_network/dev.ipynb": [
      {
        "type": "Base64 High Entropy String",
        "filename": "key_case_binary_classification/pre_cutoff_analysis/citation_network/dev.ipynb",
        "hashed_secret": "92cd4c3517b676802f123a92e6466853518ec13c",
        "is_verified": true,
        "line_number": 696
      }
    ],
    "key_case_binary_classification/pre_cutoff_analysis/simple_prompt/simple_classify_facts.ipynb": [
      {
        "type": "Base64 High Entropy String",
        "filename": "key_case_binary_classification/pre_cutoff_analysis/simple_prompt/simple_classify_facts.ipynb",
        "hashed_secret": "a77b2bceb9ba6036335ceaba7d0dbfa0958483d3",
        "is_verified": true,
        "line_number": 347
      },
      {
        "type": "Base64 High Entropy String",
        "filename": "key_case_binary_classification/pre_cutoff_analysis/simple_prompt/simple_classify_facts.ipynb",
        "hashed_secret": "3a1dc902b1a60d5b63c7fc8da5079cca378a9601",
        "is_verified": true,
        "line_number": 376
      },
      {
        "type": "Base64 High Entropy String",
        "filename": "key_case_binary_classification/pre_cutoff_analysis/simple_prompt/simple_classify_facts.ipynb",
        "hashed_secret": "159da7a71de7de139ade07a5eabbf05a848272c8",
        "is_verified": true,
        "line_number": 418
      },
      {
        "type": "Base64 High Entropy String",
        "filename": "key_case_binary_classification/pre_cutoff_analysis/simple_prompt/simple_classify_facts.ipynb",
        "hashed_secret": "50e2dd2874c589946c0d92499272fbc034aa0dc2",
        "is_verified": true,
        "line_number": 460
      }
    ],
    "key_case_binary_classification/pre_cutoff_analysis/simple_prompt/simple_classify_facts_law.ipynb": [
      {
        "type": "Base64 High Entropy String",
        "filename": "key_case_binary_classification/pre_cutoff_analysis/simple_prompt/simple_classify_facts_law.ipynb",
        "hashed_secret": "bd436eb48ed93df3bf32afb09f20068d72773ec1",
        "is_verified": true,
        "line_number": 321
      },
      {
        "type": "Base64 High Entropy String",
        "filename": "key_case_binary_classification/pre_cutoff_analysis/simple_prompt/simple_classify_facts_law.ipynb",
        "hashed_secret": "33f9155f037550c1e339bb2419b57cc3b3dd5d73",
        "is_verified": true,
        "line_number": 350
      },
      {
        "type": "Base64 High Entropy String",
        "filename": "key_case_binary_classification/pre_cutoff_analysis/simple_prompt/simple_classify_facts_law.ipynb",
        "hashed_secret": "073dc259325880c64ab16dd9cab770249780d585",
        "is_verified": true,
        "line_number": 392
      },
      {
        "type": "Base64 High Entropy String",
        "filename": "key_case_binary_classification/pre_cutoff_analysis/simple_prompt/simple_classify_facts_law.ipynb",
        "hashed_secret": "0551436a9078064cd9f255721b50c18406011e37",
        "is_verified": true,
        "line_number": 433
      }
    ],
    "key_case_binary_classification/simple_1/CoT_binary_facts_try1.ipynb": [
      {
        "type": "Base64 High Entropy String",
        "filename": "key_case_binary_classification/simple_1/CoT_binary_facts_try1.ipynb",
        "hashed_secret": "8cd73f7cc0a8e79b4e27f7c8a170f3b7f494222a",
        "is_verified": true,
        "line_number": 667
      }
    ],
    "key_case_binary_classification/simple_1/CoT_binary_facts_try_2.ipynb": [
      {
        "type": "Base64 High Entropy String",
        "filename": "key_case_binary_classification/simple_1/CoT_binary_facts_try_2.ipynb",
        "hashed_secret": "475f05cff7a06eceda4e71adf070f80410661c88",
        "is_verified": true,
        "line_number": 528
      }
    ],
    "key_case_binary_classification/simple_1/CoT_binary_facts_try_3.ipynb": [
      {
        "type": "Base64 High Entropy String",
        "filename": "key_case_binary_classification/simple_1/CoT_binary_facts_try_3.ipynb",
        "hashed_secret": "d5288b149b1b996428ddaec73091409d69c03fbf",
        "is_verified": true,
        "line_number": 394
      }
    ]
  },
  "generated_at": "2024-12-15T20:34:47Z"
}
